// Jest Snapshot v1, https://goo.gl/fbAQLP

exports[`Hangman bars should render bars 1`] = `
<DocumentFragment>
  <div
    class="hangman__bar-container"
  >
    <div
      class="hangman__bar bar-horizontal"
    />
    <div
      class="hangman__bar bar-vertical"
    />
  </div>
</DocumentFragment>
`;
