// Jest Snapshot v1, https://goo.gl/fbAQLP

exports[`Loading screen should render 1`] = `
<DocumentFragment>
  <div
    class="hangman__loading-screen"
  >
    <span
      class="dots"
    />
    <span
      class="dots"
    />
    <span
      class="dots"
    />
  </div>
</DocumentFragment>
`;
